// Jest Snapshot v1, https://goo.gl/fbAQLP

exports[`DateTimePicker renders correctly 1`] = `
<View
  style={
    {
      "alignItems": "center",
      "flexDirection": "column",
      "padding": 5,
    }
  }
>
  <Text
    style={
      [
        {
          "textAlign": "left",
        },
        {
          "color": "rgba(28, 27, 31, 1)",
          "writingDirection": "ltr",
        },
        [
          {
            "fontFamily": "System",
            "fontSize": 16,
            "fontWeight": "400",
            "letterSpacing": 0.15,
            "lineHeight": 24,
          },
          undefined,
        ],
      ]
    }
  >
    My picker
  </Text>
  <RNDateTimePicker
    date={1693094400000}
    displayIOS="default"
    enabled={true}
    is24Hour={true}
    mode="date"
    onChange={[Function]}
    onPickerDismiss={[Function]}
    onResponderTerminationRequest={[Function]}
    onStartShouldSetResponder={[Function]}
    style={
      {
        "marginTop": 3,
      }
    }
    testID="pickerTestId"
  />
</View>
`;
