// Jest Snapshot v1, https://goo.gl/fbAQLP

exports[`ExerciseFormHeader renders correctly 1`] = `
<View
  style={
    {
      "flexDirection": "row",
      "justifyContent": "space-between",
      "paddingVertical": 5,
      "width": "100%",
    }
  }
>
  <View
    style={
      {
        "flexDirection": "column",
        "justifyContent": "center",
        "marginLeft": 50,
      }
    }
  >
    <Text
      style={
        [
          {
            "textAlign": "left",
          },
          {
            "color": "rgba(28, 27, 31, 1)",
            "writingDirection": "ltr",
          },
          [
            {
              "fontFamily": "System",
              "fontSize": 14,
              "fontWeight": "400",
              "letterSpacing": 0.25,
              "lineHeight": 20,
            },
            {
              "color": "gray",
              "fontWeight": "bold",
              "textAlign": "center",
            },
          ],
        ]
      }
    >
      Set
    </Text>
  </View>
  <View
    style={
      {
        "flexDirection": "row",
      }
    }
  >
    <View
      style={
        {
          "marginRight": 15,
          "textAlign": "center",
          "width": 75,
        }
      }
    >
      <Text
        style={
          [
            {
              "textAlign": "left",
            },
            {
              "color": "rgba(28, 27, 31, 1)",
              "writingDirection": "ltr",
            },
            [
              {
                "fontFamily": "System",
                "fontSize": 14,
                "fontWeight": "400",
                "letterSpacing": 0.25,
                "lineHeight": 20,
              },
              {
                "color": "gray",
                "fontWeight": "bold",
                "textAlign": "center",
              },
            ],
          ]
        }
      >
        lb
      </Text>
    </View>
    <View
      style={
        {
          "marginRight": 15,
          "textAlign": "center",
          "width": 75,
        }
      }
    >
      <Text
        style={
          [
            {
              "textAlign": "left",
            },
            {
              "color": "rgba(28, 27, 31, 1)",
              "writingDirection": "ltr",
            },
            [
              {
                "fontFamily": "System",
                "fontSize": 14,
                "fontWeight": "400",
                "letterSpacing": 0.25,
                "lineHeight": 20,
              },
              {
                "color": "gray",
                "fontWeight": "bold",
                "textAlign": "center",
              },
            ],
          ]
        }
      >
        reps
      </Text>
    </View>
  </View>
</View>
`;
